[Auth] Using PostgreSQL-based auth state (production mode)
file.txt
--- Setting up test data ---
[RedisCache] Connected ÔÇö db=1
Redis data injected.
Disk data injected.
PG data injected.

--- Running deleteSession ---
[DeepCleanup] Starting cleanup for session: test_cleanup_instance_999
[DeepCleanup:Disco] Media folder removed: C:\Users\rui\Desktop\chat.scoremark1.com\public\media\test_cleanup_instance_999
[DeepCleanup:PG] History cleared: ? msgs, ? chats
[DeepCleanup:PG] Auth state removed
[DeepCleanup:Redis] Hot cache purged for test_cleanup_instance_999
[DeepCleanup] Finished for session: test_cleanup_instance_999
deleteSession finished.

--- Verifying deletion ---
Redis Inbox exists: false
Redis Message lists count: 0
Media directory exists: false
PG Chats count: 0
PG Messages count: 0

--- RESULT ---
Ô£à CLEANUP SUCCESSFUL!
